[2026-10-04--08-36-30 INFO surfpool::http] Binding studio server to 127.0.0.1:18488
[2026-10-04--08-36-30 INFO actix_server::builder] starting 5 workers
[2026-10-04--08-36-30 INFO actix_server::server] Tokio runtime found; starting in existing Tokio runtime
[2026-10-04--08-36-30 INFO actix_server::server] starting service: "actix-web-service-127.0.0.1:18488", workers: 5, listening on: 127.0.0.1:18488
[2026-10-04--08-36-30 INFO parity_ws] Listening for new connections on 127.0.0.1:8900.
[2026-10-04--08-36-31 ERROR litesvm] Payer account 9NiJn6H49vXVUwQ6ixQdRmTgvXGSt8FqyvTgQJoXGEgu not found.
[2026-10-04--08-36-31 ERROR litesvm] Payer account 9NiJn6H49vXVUwQ6ixQdRmTgvXGSt8FqyvTgQJoXGEgu not found.
[2026-10-04--08-36-31 ERROR litesvm] Payer account 9NiJn6H49vXVUwQ6ixQdRmTgvXGSt8FqyvTgQJoXGEgu not found.
[2026-10-04--08-36-31 ERROR litesvm] Payer account 9NiJn6H49vXVUwQ6ixQdRmTgvXGSt8FqyvTgQJoXGEgu not found.
[2026-10-04--08-36-31 ERROR litesvm] Payer account 9NiJn6H49vXVUwQ6ixQdRmTgvXGSt8FqyvTgQJoXGEgu not found.
[2026-10-04--08-36-31 ERROR litesvm] Payer account 9NiJn6H49vXVUwQ6ixQdRmTgvXGSt8FqyvTgQJoXGEgu not found.
[2026-10-04--08-36-31 ERROR litesvm] Payer account 9NiJn6H49vXVUwQ6ixQdRmTgvXGSt8FqyvTgQJoXGEgu not found.
[2026-10-04--08-36-31 ERROR litesvm] Payer account 9NiJn6H49vXVUwQ6ixQdRmTgvXGSt8FqyvTgQJoXGEgu not found.
[2026-10-04--08-36-31 ERROR litesvm] Payer account 9NiJn6H49vXVUwQ6ixQdRmTgvXGSt8FqyvTgQJoXGEgu not found.
[2026-10-04--08-36-31 INFO actix_server::server] SIGTERM received; starting graceful shutdown
[2026-10-04--08-36-31 INFO actix_server::accept] accept thread stopped
[2026-10-04--08-36-31 INFO actix_server::worker] shutting down idle worker
[2026-10-04--08-36-31 INFO actix_server::worker] shutting down idle worker
[2026-10-04--08-36-31 INFO actix_server::worker] shutting down idle worker
[2026-10-04--08-36-31 INFO actix_server::worker] shutting down idle worker
[2026-10-04--08-36-31 INFO actix_server::worker] shutting down idle worker
